/Users/petr/Documents/STMu/Src/main.c:74:5:main	8	static
/Users/petr/Documents/STMu/Src/main.c:122:6:SystemClock_Config	96	static
/Users/petr/Documents/STMu/Src/main.c:166:13:MX_ADC1_Init	24	static
/Users/petr/Documents/STMu/Src/main.c:213:13:MX_DAC_Init	16	static
/Users/petr/Documents/STMu/Src/main.c:253:13:MX_TIM1_Init	32	static
/Users/petr/Documents/STMu/Src/main.c:299:13:MX_TIM2_Init	64	static
/Users/petr/Documents/STMu/Src/main.c:358:13:MX_GPIO_Init	32	static
/Users/petr/Documents/STMu/Src/main.c:392:6:Error_Handler	4	static
